[www.tcrfoundations.com/Pentest-With-Rohit/index.html]
[backblue.gif]
[fade.gif]
[index.html]
[www.tcrfoundations.com/Pentest-With-Rohit/uploads/16261554002.ico]
[www.tcrfoundations.com/Pentest-With-Rohit/frontend/css/bootstrap.min.css]
[www.tcrfoundations.com/Pentest-With-Rohit/frontend/css/fontawesome-all.min.css]
[www.tcrfoundations.com/Pentest-With-Rohit/frontend/css/animate-heading.css]
[www.tcrfoundations.com/Pentest-With-Rohit/frontend/css/magnific-popup.css]
[www.tcrfoundations.com/Pentest-With-Rohit/frontend/css/owl.carousel.min.css]
[www.tcrfoundations.com/Pentest-With-Rohit/frontend/css/meanmenu.css]
[www.tcrfoundations.com/Pentest-With-Rohit/frontend/css/default.css]
[www.tcrfoundations.com/Pentest-With-Rohit/frontend/css/dark.css]
[www.tcrfoundations.com/Pentest-With-Rohit/frontend/css/responsive.css]
[www.tcrfoundations.com/Pentest-With-Rohit/uploads/logo.png]
[www.tcrfoundations.com/Pentest-With-Rohit/uploads/home_bg.jpg]
[www.tcrfoundations.com/Pentest-With-Rohit/uploads/loader.gif]
[www.tcrfoundations.com/Pentest-With-Rohit/uploads/1626165678.png]
[www.tcrfoundations.com/Pentest-With-Rohit/uploads/1626158792.png]
[www.tcrfoundations.com/Pentest-With-Rohit/uploads/1626159069.png]
[www.tcrfoundations.com/Pentest-With-Rohit/uploads/1626158939.png]
[www.tcrfoundations.com/cdn-cgi/scripts/5c5dd728/cloudflare-static/email-decode.min.js]
[www.tcrfoundations.com/Pentest-With-Rohit/frontend/js/lazyload.min.js]
[www.tcrfoundations.com/Pentest-With-Rohit/frontend/js/vendor/jquery-3.2.1.min.js]
[www.tcrfoundations.com/Pentest-With-Rohit/frontend/js/popper.min.js]
[www.tcrfoundations.com/Pentest-With-Rohit/frontend/js/bootstrap.min.js]
[www.tcrfoundations.com/Pentest-With-Rohit/frontend/js/animate-heading.js]
[www.tcrfoundations.com/Pentest-With-Rohit/frontend/js/particles.js]
[www.tcrfoundations.com/Pentest-With-Rohit/frontend/js/particles-custom.js]
[www.tcrfoundations.com/Pentest-With-Rohit/frontend/js/tilt.jquery.min.js]
[www.tcrfoundations.com/Pentest-With-Rohit/frontend/js/jquery.nav.min.js]
[www.tcrfoundations.com/Pentest-With-Rohit/frontend/js/isotope.pkgd.min.js]
[www.tcrfoundations.com/Pentest-With-Rohit/frontend/js/imagesloaded.pkgd.min.js]
[www.tcrfoundations.com/Pentest-With-Rohit/frontend/js/jquery.magnific-popup.min.js]
[www.tcrfoundations.com/Pentest-With-Rohit/frontend/js/owl.carousel.min.js]
[www.tcrfoundations.com/Pentest-With-Rohit/frontend/js/jquery.meanmenu.min.js]
[www.tcrfoundations.com/Pentest-With-Rohit/frontend/js/jquery.smoothscroll.js]
[www.tcrfoundations.com/Pentest-With-Rohit/frontend/js/main.js]
[www.tcrfoundations.com/Pentest-With-Rohit/index.html]
[www.tcrfoundations.com/Pentest-With-Rohit/frontend/css/bootstrap.min.css]
[www.tcrfoundations.com/Pentest-With-Rohit/frontend/fonts/fa-brands-400.eot]
[www.tcrfoundations.com/Pentest-With-Rohit/frontend/fonts/fa-brands-400d41d.eot]
[www.tcrfoundations.com/Pentest-With-Rohit/frontend/fonts/fa-brands-400.woff2]
[www.tcrfoundations.com/Pentest-With-Rohit/frontend/fonts/fa-brands-400.woff]
[www.tcrfoundations.com/Pentest-With-Rohit/frontend/fonts/fa-brands-400.ttf]
[www.tcrfoundations.com/Pentest-With-Rohit/frontend/fonts/fa-brands-400.svg]
[www.tcrfoundations.com/Pentest-With-Rohit/frontend/fonts/fa-regular-400.eot]
[www.tcrfoundations.com/Pentest-With-Rohit/frontend/fonts/fa-regular-400d41d.eot]
[www.tcrfoundations.com/Pentest-With-Rohit/frontend/fonts/fa-regular-400.woff2]
[www.tcrfoundations.com/Pentest-With-Rohit/frontend/fonts/fa-regular-400.woff]
[www.tcrfoundations.com/Pentest-With-Rohit/frontend/fonts/fa-regular-400.ttf]
[www.tcrfoundations.com/Pentest-With-Rohit/frontend/fonts/fa-regular-400.svg]
[www.tcrfoundations.com/Pentest-With-Rohit/frontend/fonts/fa-solid-900.eot]
[www.tcrfoundations.com/Pentest-With-Rohit/frontend/fonts/fa-solid-900d41d.eot]
[www.tcrfoundations.com/Pentest-With-Rohit/frontend/fonts/fa-solid-900.woff2]
[www.tcrfoundations.com/Pentest-With-Rohit/frontend/fonts/fa-solid-900.woff]
[www.tcrfoundations.com/Pentest-With-Rohit/frontend/fonts/fa-solid-900.ttf]
[www.tcrfoundations.com/Pentest-With-Rohit/frontend/css/fontawesome-all.min.css]
[www.tcrfoundations.com/Pentest-With-Rohit/frontend/css/animate-heading.css]
[www.tcrfoundations.com/Pentest-With-Rohit/frontend/css/magnific-popup.css]
[www.tcrfoundations.com/Pentest-With-Rohit/frontend/fonts/fa-solid-900.svg]
[www.tcrfoundations.com/Pentest-With-Rohit/frontend/css/owl.video.play.png]
[www.tcrfoundations.com/Pentest-With-Rohit/frontend/css/owl.carousel.min.css]
[www.tcrfoundations.com/Pentest-With-Rohit/frontend/css/meanmenu.css]
[www.tcrfoundations.com/Pentest-With-Rohit/frontend/css/default.css]
[www.tcrfoundations.com/Pentest-With-Rohit/frontend/img/preloading/1.gif]
[www.tcrfoundations.com/Pentest-With-Rohit/frontend/css/dark.css]
[www.tcrfoundations.com/Pentest-With-Rohit/frontend/css/responsive.css]
[www.tcrfoundations.com/Pentest-With-Rohit/frontend/fonts/fa-brands-400.svg]
[www.tcrfoundations.com/Pentest-With-Rohit/frontend/fonts/fa-regular-400.svg]
[www.tcrfoundations.com/Pentest-With-Rohit/frontend/fonts/fa-solid-900.svg]
[www.tcrfoundations.com/Pentest-With-Rohit/frontend/css/owl.video.play.html]
